\BOOKMARK [1][-]{section.1}{\376\377\116\000\123\345\213\335\151\202\142\354}{}% 1
\BOOKMARK [1][-]{section.2}{\376\377\133\236\232\214\133\371\214\141\124\214\127\372\147\054\124\015\213\315}{}% 2
\BOOKMARK [2][-]{subsection.2.1}{\376\377\117\115\177\156\060\001\000P\000r\000o\000b\000e\000\040\124\214\000\040\000c\000h\000i\000p}{section.2}% 3
\BOOKMARK [2][-]{subsection.2.2}{\376\377\124\010\154\325\213\276\131\007\124\214\227\136\154\325\213\276\131\007}{section.2}% 4
\BOOKMARK [2][-]{subsection.2.3}{\376\377\167\037\133\236\155\101\124\214\206\132\142\337\155\101}{section.2}% 5
\BOOKMARK [1][-]{section.3}{\376\377\117\115\177\156\143\007\176\271\131\202\117\125\116\316\167\037\133\236\145\160\143\156\116\055\225\177\121\372\147\145}{}% 6
\BOOKMARK [2][-]{subsection.3.1}{\376\377\176\277\140\047\123\273\215\213\122\277}{section.3}% 7
\BOOKMARK [2][-]{subsection.3.2}{\376\377\000S\000V\000D\000\040\143\320\123\326\213\373\121\372\145\271\124\021}{section.3}% 8
\BOOKMARK [2][-]{subsection.3.3}{\376\377\167\037\133\236\145\160\143\156\117\213\133\120\377\032\116\011\116\052\124\010\154\325\117\115\177\156\166\204\143\007\176\271}{section.3}% 9
\BOOKMARK [1][-]{section.4}{\376\377\123\321\220\001\172\357\131\202\117\125\142\212\000\040\000b\000i\000t\000\040\177\026\142\020\000\040\000v\000e\000c\000t\000o\000r\000\040\000h\000u\000e}{}% 10
\BOOKMARK [2][-]{subsection.4.1}{\376\377\116\316\000\040\000b\000i\000t\000\040\122\060\173\046\123\367\176\304\124\010}{section.4}% 11
\BOOKMARK [2][-]{subsection.4.2}{\376\377\116\300\116\110\146\057\000\040\000v\000e\000c\000t\000o\000r\000\040\000h\000u\000e}{section.4}% 12
\BOOKMARK [2][-]{subsection.4.3}{\376\377\000H\000u\000e\000\040\000m\000a\000p\000p\000i\000n\000g\000\040\131\202\117\125\213\241\173\227}{section.4}% 13
\BOOKMARK [2][-]{subsection.4.4}{\376\377\167\037\133\236\213\241\173\227\117\213\133\120\377\032\173\046\123\367\000\040\000[\000-\0001\000,\000-\0001\000,\000-\0001\000,\000-\0001\000,\000-\0001\000,\000-\0001\000,\000-\0001\000,\000-\0001\000]}{section.4}% 14
\BOOKMARK [1][-]{section.5}{\376\377\133\214\145\164\123\321\220\001\124\214\124\010\154\325\211\343\170\001\173\227\117\213}{}% 15
\BOOKMARK [2][-]{subsection.5.1}{\376\377\116\000\116\052\167\037\133\236\123\321\220\001\127\127}{section.5}% 16
\BOOKMARK [2][-]{subsection.5.2}{\376\377\124\010\154\325\213\276\131\007\166\204\147\054\127\060\211\343\170\001\121\154\137\017}{section.5}% 17
\BOOKMARK [2][-]{subsection.5.3}{\376\377\167\037\133\236\124\010\154\325\211\343\170\001\176\323\147\234}{section.5}% 18
\BOOKMARK [1][-]{section.6}{\376\377\227\136\154\325\213\276\131\007\116\072\116\300\116\110\211\343\170\001\131\061\215\045}{}% 19
\BOOKMARK [2][-]{subsection.6.1}{\376\377\227\136\154\325\213\276\131\007\116\137\123\357\116\345\134\035\213\325\124\014\150\067\173\227\154\325}{section.6}% 20
\BOOKMARK [2][-]{subsection.6.2}{\376\377\123\125\116\052\000\040\000b\000l\000o\000c\000k\000\040\116\015\215\263\116\345\213\364\146\016\133\211\121\150\377\014\000B\000E\000R\000\040\142\115\213\364\146\016\225\356\230\230}{section.6}% 21
\BOOKMARK [1][-]{section.7}{\376\377\000G\000l\000o\000b\000a\000l\000\040\000G\000u\000a\000r\000d\000e\000d\000\040\144\034\175\042\155\101\172\013}{}% 22
\BOOKMARK [2][-]{subsection.7.1}{\376\377\173\054\116\000\226\066\153\265\377\032\000b\000a\000s\000e\000l\000i\000n\000e\000\040\120\031\220\011}{section.7}% 23
\BOOKMARK [2][-]{subsection.7.2}{\376\377\173\054\116\214\226\066\153\265\377\032\142\176\000\040\000a\000n\000c\000h\000o\000r\000\040\124\214\000\040\000w\000e\000a\000k\000\040\000r\000o\000u\000t\000e\000s}{section.7}% 24
\BOOKMARK [2][-]{subsection.7.3}{\376\377\173\054\116\011\226\066\153\265\377\032\000t\000a\000r\000g\000e\000t\000e\000d\000\040\000r\000e\000p\000a\000i\000r}{section.7}% 25
\BOOKMARK [2][-]{subsection.7.4}{\376\377\173\054\126\333\226\066\153\265\377\032\220\011\142\351\000\040\0002\0000\000\040\116\052\120\031\220\011}{section.7}% 26
\BOOKMARK [2][-]{subsection.7.5}{\376\377\173\054\116\224\226\066\153\265\377\032\176\277\140\047\211\304\122\022\154\102\000\040\000u\000s\000a\000g\000e\000\040\000r\000a\000t\000i\000o}{section.7}% 27
\BOOKMARK [1][-]{section.8}{\376\377\147\054\117\213\147\000\176\310\176\323\147\234}{}% 28
\BOOKMARK [1][-]{section.9}{\376\377\133\214\145\164\155\101\172\013\140\073\176\323}{}% 29
\BOOKMARK [1][-]{section.10}{\376\377\176\323\213\272}{}% 30
